[2023-06-07T19:56:56.041-0700][gc,init] CardTable entry size: 512
[2023-06-07T19:56:56.041-0700][gc     ] Using G1
[2023-06-07T19:56:56.042-0700][gc,init] Version: 18.0.2.1+1-1 (release)
[2023-06-07T19:56:56.042-0700][gc,init] CPUs: 8 total, 8 available
[2023-06-07T19:56:56.042-0700][gc,init] Memory: 8192M
[2023-06-07T19:56:56.042-0700][gc,init] Large Page Support: Disabled
[2023-06-07T19:56:56.042-0700][gc,init] NUMA Support: Disabled
[2023-06-07T19:56:56.042-0700][gc,init] Compressed Oops: Enabled (Zero based)
[2023-06-07T19:56:56.042-0700][gc,init] Heap Region Size: 1M
[2023-06-07T19:56:56.042-0700][gc,init] Heap Min Capacity: 512M
[2023-06-07T19:56:56.042-0700][gc,init] Heap Initial Capacity: 512M
[2023-06-07T19:56:56.042-0700][gc,init] Heap Max Capacity: 512M
[2023-06-07T19:56:56.042-0700][gc,init] Pre-touch: Disabled
[2023-06-07T19:56:56.042-0700][gc,init] Parallel Workers: 8
[2023-06-07T19:56:56.042-0700][gc,init] Concurrent Workers: 2
[2023-06-07T19:56:56.042-0700][gc,init] Concurrent Refinement Workers: 8
[2023-06-07T19:56:56.042-0700][gc,init] Periodic GC: Disabled
[2023-06-07T19:56:56.042-0700][gc,metaspace] CDS archive(s) mapped at: [0x0000000800000000-0x0000000800ba8000-0x0000000800ba8000), size 12222464, SharedBaseAddress: 0x0000000800000000, ArchiveRelocationMode: 0.
[2023-06-07T19:56:56.042-0700][gc,metaspace] Compressed class space mapped at: 0x0000000800c00000-0x0000000840c00000, reserved size: 1073741824
[2023-06-07T19:56:56.042-0700][gc,metaspace] Narrow klass base: 0x0000000800000000, Narrow klass shift: 0, Narrow klass range: 0x100000000
[2023-06-07T19:56:56.702-0700][gc,start    ] GC(0) Pause Young (Normal) (G1 Evacuation Pause)
[2023-06-07T19:56:56.703-0700][gc,task     ] GC(0) Using 8 workers of 8 for evacuation
[2023-06-07T19:56:56.706-0700][gc,phases   ] GC(0)   Pre Evacuate Collection Set: 0.1ms
[2023-06-07T19:56:56.706-0700][gc,phases   ] GC(0)   Merge Heap Roots: 0.0ms
[2023-06-07T19:56:56.706-0700][gc,phases   ] GC(0)   Evacuate Collection Set: 2.5ms
[2023-06-07T19:56:56.706-0700][gc,phases   ] GC(0)   Post Evacuate Collection Set: 0.3ms
[2023-06-07T19:56:56.706-0700][gc,phases   ] GC(0)   Other: 0.2ms
[2023-06-07T19:56:56.706-0700][gc,heap     ] GC(0) Eden regions: 256->0(250)
[2023-06-07T19:56:56.706-0700][gc,heap     ] GC(0) Survivor regions: 0->6(32)
[2023-06-07T19:56:56.706-0700][gc,heap     ] GC(0) Old regions: 0->0
[2023-06-07T19:56:56.706-0700][gc,heap     ] GC(0) Archive regions: 2->2
[2023-06-07T19:56:56.706-0700][gc,heap     ] GC(0) Humongous regions: 0->0
[2023-06-07T19:56:56.706-0700][gc,metaspace] GC(0) Metaspace: 15379K(15616K)->15379K(15616K) NonClass: 13543K(13696K)->13543K(13696K) Class: 1835K(1920K)->1835K(1920K)
[2023-06-07T19:56:56.706-0700][gc          ] GC(0) Pause Young (Normal) (G1 Evacuation Pause) 256M->6M(512M) 3.253ms
[2023-06-07T19:56:56.706-0700][gc,cpu      ] GC(0) User=0.01s Sys=0.01s Real=0.00s
[2023-06-07T19:56:57.116-0700][gc,start    ] GC(1) Pause Young (Concurrent Start) (Metadata GC Threshold)
[2023-06-07T19:56:57.116-0700][gc,task     ] GC(1) Using 8 workers of 8 for evacuation
[2023-06-07T19:56:57.120-0700][gc,phases   ] GC(1)   Pre Evacuate Collection Set: 0.1ms
[2023-06-07T19:56:57.120-0700][gc,phases   ] GC(1)   Merge Heap Roots: 0.0ms
[2023-06-07T19:56:57.120-0700][gc,phases   ] GC(1)   Evacuate Collection Set: 2.9ms
[2023-06-07T19:56:57.120-0700][gc,phases   ] GC(1)   Post Evacuate Collection Set: 0.4ms
[2023-06-07T19:56:57.120-0700][gc,phases   ] GC(1)   Other: 0.0ms
[2023-06-07T19:56:57.120-0700][gc,heap     ] GC(1) Eden regions: 209->0(245)
[2023-06-07T19:56:57.120-0700][gc,heap     ] GC(1) Survivor regions: 6->11(32)
[2023-06-07T19:56:57.120-0700][gc,heap     ] GC(1) Old regions: 0->0
[2023-06-07T19:56:57.120-0700][gc,heap     ] GC(1) Archive regions: 2->2
[2023-06-07T19:56:57.120-0700][gc,heap     ] GC(1) Humongous regions: 0->0
[2023-06-07T19:56:57.120-0700][gc,metaspace] GC(1) Metaspace: 21202K(21504K)->21202K(21504K) NonClass: 18674K(18816K)->18674K(18816K) Class: 2528K(2688K)->2528K(2688K)
[2023-06-07T19:56:57.120-0700][gc          ] GC(1) Pause Young (Concurrent Start) (Metadata GC Threshold) 215M->11M(512M) 3.528ms
[2023-06-07T19:56:57.120-0700][gc,cpu      ] GC(1) User=0.03s Sys=0.00s Real=0.01s
[2023-06-07T19:56:57.120-0700][gc          ] GC(2) Concurrent Mark Cycle
[2023-06-07T19:56:57.120-0700][gc,marking  ] GC(2) Concurrent Clear Claimed Marks
[2023-06-07T19:56:57.120-0700][gc,marking  ] GC(2) Concurrent Clear Claimed Marks 0.008ms
[2023-06-07T19:56:57.120-0700][gc,marking  ] GC(2) Concurrent Scan Root Regions
[2023-06-07T19:56:57.122-0700][gc,marking  ] GC(2) Concurrent Scan Root Regions 1.912ms
[2023-06-07T19:56:57.122-0700][gc,marking  ] GC(2) Concurrent Mark
[2023-06-07T19:56:57.122-0700][gc,marking  ] GC(2) Concurrent Mark From Roots
[2023-06-07T19:56:57.122-0700][gc,task     ] GC(2) Using 2 workers of 2 for marking
[2023-06-07T19:56:57.122-0700][gc,marking  ] GC(2) Concurrent Mark From Roots 0.545ms
[2023-06-07T19:56:57.122-0700][gc,marking  ] GC(2) Concurrent Preclean
[2023-06-07T19:56:57.122-0700][gc,marking  ] GC(2) Concurrent Preclean 0.006ms
[2023-06-07T19:56:57.122-0700][gc,start    ] GC(2) Pause Remark
[2023-06-07T19:56:57.123-0700][gc          ] GC(2) Pause Remark 12M->12M(512M) 0.866ms
[2023-06-07T19:56:57.123-0700][gc,cpu      ] GC(2) User=0.00s Sys=0.00s Real=0.00s
[2023-06-07T19:56:57.123-0700][gc,marking  ] GC(2) Concurrent Mark 1.545ms
[2023-06-07T19:56:57.123-0700][gc,marking  ] GC(2) Concurrent Rebuild Remembered Sets
[2023-06-07T19:56:57.123-0700][gc,marking  ] GC(2) Concurrent Rebuild Remembered Sets 0.005ms
[2023-06-07T19:56:57.123-0700][gc,start    ] GC(2) Pause Cleanup
[2023-06-07T19:56:57.123-0700][gc          ] GC(2) Pause Cleanup 12M->12M(512M) 0.012ms
[2023-06-07T19:56:57.123-0700][gc,cpu      ] GC(2) User=0.00s Sys=0.00s Real=0.00s
[2023-06-07T19:56:57.123-0700][gc,marking  ] GC(2) Concurrent Cleanup for Next Mark
[2023-06-07T19:56:57.124-0700][gc,marking  ] GC(2) Concurrent Cleanup for Next Mark 0.643ms
[2023-06-07T19:56:57.124-0700][gc          ] GC(2) Concurrent Mark Cycle 4.268ms
[2023-06-07T19:56:57.493-0700][gc,start    ] GC(3) Pause Young (Normal) (G1 Evacuation Pause)
[2023-06-07T19:56:57.493-0700][gc,task     ] GC(3) Using 8 workers of 8 for evacuation
[2023-06-07T19:56:57.497-0700][gc,phases   ] GC(3)   Pre Evacuate Collection Set: 0.1ms
[2023-06-07T19:56:57.497-0700][gc,phases   ] GC(3)   Merge Heap Roots: 0.1ms
[2023-06-07T19:56:57.497-0700][gc,phases   ] GC(3)   Evacuate Collection Set: 2.8ms
[2023-06-07T19:56:57.497-0700][gc,phases   ] GC(3)   Post Evacuate Collection Set: 0.4ms
[2023-06-07T19:56:57.497-0700][gc,phases   ] GC(3)   Other: 0.0ms
[2023-06-07T19:56:57.497-0700][gc,heap     ] GC(3) Eden regions: 245->0(243)
[2023-06-07T19:56:57.497-0700][gc,heap     ] GC(3) Survivor regions: 11->13(32)
[2023-06-07T19:56:57.497-0700][gc,heap     ] GC(3) Old regions: 0->0
[2023-06-07T19:56:57.497-0700][gc,heap     ] GC(3) Archive regions: 2->2
[2023-06-07T19:56:57.497-0700][gc,heap     ] GC(3) Humongous regions: 0->0
[2023-06-07T19:56:57.497-0700][gc,metaspace] GC(3) Metaspace: 23046K(23360K)->23046K(23360K) NonClass: 20315K(20480K)->20315K(20480K) Class: 2731K(2880K)->2731K(2880K)
[2023-06-07T19:56:57.497-0700][gc          ] GC(3) Pause Young (Normal) (G1 Evacuation Pause) 256M->13M(512M) 3.423ms
[2023-06-07T19:56:57.497-0700][gc,cpu      ] GC(3) User=0.02s Sys=0.00s Real=0.00s
[2023-06-07T19:56:57.946-0700][gc,start    ] GC(4) Pause Young (Normal) (G1 Evacuation Pause)
[2023-06-07T19:56:57.946-0700][gc,task     ] GC(4) Using 8 workers of 8 for evacuation
[2023-06-07T19:56:57.950-0700][gc,phases   ] GC(4)   Pre Evacuate Collection Set: 0.0ms
[2023-06-07T19:56:57.950-0700][gc,phases   ] GC(4)   Merge Heap Roots: 0.1ms
[2023-06-07T19:56:57.950-0700][gc,phases   ] GC(4)   Evacuate Collection Set: 4.3ms
[2023-06-07T19:56:57.950-0700][gc,phases   ] GC(4)   Post Evacuate Collection Set: 0.4ms
[2023-06-07T19:56:57.950-0700][gc,phases   ] GC(4)   Other: 0.0ms
[2023-06-07T19:56:57.950-0700][gc,heap     ] GC(4) Eden regions: 243->0(240)
[2023-06-07T19:56:57.950-0700][gc,heap     ] GC(4) Survivor regions: 13->16(32)
[2023-06-07T19:56:57.950-0700][gc,heap     ] GC(4) Old regions: 0->0
[2023-06-07T19:56:57.950-0700][gc,heap     ] GC(4) Archive regions: 2->2
[2023-06-07T19:56:57.950-0700][gc,heap     ] GC(4) Humongous regions: 0->0
[2023-06-07T19:56:57.950-0700][gc,metaspace] GC(4) Metaspace: 26981K(27328K)->26981K(27328K) NonClass: 23725K(23936K)->23725K(23936K) Class: 3255K(3392K)->3255K(3392K)
[2023-06-07T19:56:57.950-0700][gc          ] GC(4) Pause Young (Normal) (G1 Evacuation Pause) 256M->16M(512M) 4.922ms
[2023-06-07T19:56:57.950-0700][gc,cpu      ] GC(4) User=0.02s Sys=0.00s Real=0.01s
[2023-06-07T19:56:58.491-0700][gc,start    ] GC(5) Pause Young (Concurrent Start) (Metadata GC Threshold)
[2023-06-07T19:56:58.491-0700][gc,task     ] GC(5) Using 8 workers of 8 for evacuation
[2023-06-07T19:56:58.497-0700][gc,phases   ] GC(5)   Pre Evacuate Collection Set: 0.1ms
[2023-06-07T19:56:58.497-0700][gc,phases   ] GC(5)   Merge Heap Roots: 0.0ms
[2023-06-07T19:56:58.497-0700][gc,phases   ] GC(5)   Evacuate Collection Set: 5.2ms
[2023-06-07T19:56:58.497-0700][gc,phases   ] GC(5)   Post Evacuate Collection Set: 0.4ms
[2023-06-07T19:56:58.497-0700][gc,phases   ] GC(5)   Other: 0.0ms
[2023-06-07T19:56:58.497-0700][gc,heap     ] GC(5) Eden regions: 215->0(234)
[2023-06-07T19:56:58.497-0700][gc,heap     ] GC(5) Survivor regions: 16->22(32)
[2023-06-07T19:56:58.497-0700][gc,heap     ] GC(5) Old regions: 0->0
[2023-06-07T19:56:58.497-0700][gc,heap     ] GC(5) Archive regions: 2->2
[2023-06-07T19:56:58.497-0700][gc,heap     ] GC(5) Humongous regions: 0->0
[2023-06-07T19:56:58.497-0700][gc,metaspace] GC(5) Metaspace: 35607K(35968K)->35607K(35968K) NonClass: 31378K(31552K)->31378K(31552K) Class: 4229K(4416K)->4229K(4416K)
[2023-06-07T19:56:58.497-0700][gc          ] GC(5) Pause Young (Concurrent Start) (Metadata GC Threshold) 231M->22M(512M) 5.919ms
[2023-06-07T19:56:58.497-0700][gc          ] GC(6) Concurrent Mark Cycle
[2023-06-07T19:56:58.497-0700][gc,cpu      ] GC(5) User=0.04s Sys=0.00s Real=0.00s
[2023-06-07T19:56:58.497-0700][gc,marking  ] GC(6) Concurrent Clear Claimed Marks
[2023-06-07T19:56:58.497-0700][gc,marking  ] GC(6) Concurrent Clear Claimed Marks 0.020ms
[2023-06-07T19:56:58.497-0700][gc,marking  ] GC(6) Concurrent Scan Root Regions
[2023-06-07T19:56:58.501-0700][gc,marking  ] GC(6) Concurrent Scan Root Regions 4.035ms
[2023-06-07T19:56:58.501-0700][gc,marking  ] GC(6) Concurrent Mark
[2023-06-07T19:56:58.501-0700][gc,marking  ] GC(6) Concurrent Mark From Roots
[2023-06-07T19:56:58.501-0700][gc,task     ] GC(6) Using 2 workers of 2 for marking
[2023-06-07T19:56:58.501-0700][gc,marking  ] GC(6) Concurrent Mark From Roots 0.644ms
[2023-06-07T19:56:58.501-0700][gc,marking  ] GC(6) Concurrent Preclean
[2023-06-07T19:56:58.502-0700][gc,marking  ] GC(6) Concurrent Preclean 0.005ms
[2023-06-07T19:56:58.502-0700][gc,start    ] GC(6) Pause Remark
[2023-06-07T19:56:58.503-0700][gc          ] GC(6) Pause Remark 24M->24M(512M) 1.246ms
[2023-06-07T19:56:58.503-0700][gc,cpu      ] GC(6) User=0.00s Sys=0.00s Real=0.00s
[2023-06-07T19:56:58.503-0700][gc,marking  ] GC(6) Concurrent Mark 2.040ms
[2023-06-07T19:56:58.503-0700][gc,marking  ] GC(6) Concurrent Rebuild Remembered Sets
[2023-06-07T19:56:58.503-0700][gc,marking  ] GC(6) Concurrent Rebuild Remembered Sets 0.003ms
[2023-06-07T19:56:58.503-0700][gc,start    ] GC(6) Pause Cleanup
[2023-06-07T19:56:58.503-0700][gc          ] GC(6) Pause Cleanup 24M->24M(512M) 0.011ms
[2023-06-07T19:56:58.503-0700][gc,cpu      ] GC(6) User=0.00s Sys=0.00s Real=0.00s
[2023-06-07T19:56:58.503-0700][gc,marking  ] GC(6) Concurrent Cleanup for Next Mark
[2023-06-07T19:56:58.504-0700][gc,marking  ] GC(6) Concurrent Cleanup for Next Mark 0.684ms
[2023-06-07T19:56:58.504-0700][gc          ] GC(6) Concurrent Mark Cycle 6.925ms
[2023-06-07T19:56:59.233-0700][gc,start    ] GC(7) Pause Young (Normal) (G1 Evacuation Pause)
[2023-06-07T19:56:59.234-0700][gc,task     ] GC(7) Using 8 workers of 8 for evacuation
[2023-06-07T19:56:59.242-0700][gc,phases   ] GC(7)   Pre Evacuate Collection Set: 0.1ms
[2023-06-07T19:56:59.242-0700][gc,phases   ] GC(7)   Merge Heap Roots: 0.0ms
[2023-06-07T19:56:59.242-0700][gc,phases   ] GC(7)   Evacuate Collection Set: 7.6ms
[2023-06-07T19:56:59.242-0700][gc,phases   ] GC(7)   Post Evacuate Collection Set: 0.7ms
[2023-06-07T19:56:59.242-0700][gc,phases   ] GC(7)   Other: 0.1ms
[2023-06-07T19:56:59.242-0700][gc,heap     ] GC(7) Eden regions: 234->0(230)
[2023-06-07T19:56:59.242-0700][gc,heap     ] GC(7) Survivor regions: 22->26(32)
[2023-06-07T19:56:59.242-0700][gc,heap     ] GC(7) Old regions: 0->5
[2023-06-07T19:56:59.242-0700][gc,heap     ] GC(7) Archive regions: 2->2
[2023-06-07T19:56:59.242-0700][gc,heap     ] GC(7) Humongous regions: 5->5
[2023-06-07T19:56:59.242-0700][gc,metaspace] GC(7) Metaspace: 50022K(50496K)->50022K(50496K) NonClass: 44119K(44352K)->44119K(44352K) Class: 5903K(6144K)->5903K(6144K)
[2023-06-07T19:56:59.242-0700][gc          ] GC(7) Pause Young (Normal) (G1 Evacuation Pause) 261M->36M(512M) 8.649ms
[2023-06-07T19:56:59.242-0700][gc,cpu      ] GC(7) User=0.05s Sys=0.00s Real=0.01s
[2023-06-07T19:56:59.843-0700][gc,start    ] GC(8) Pause Young (Normal) (G1 Evacuation Pause)
[2023-06-07T19:56:59.843-0700][gc,task     ] GC(8) Using 8 workers of 8 for evacuation
[2023-06-07T19:56:59.851-0700][gc,phases   ] GC(8)   Pre Evacuate Collection Set: 0.1ms
[2023-06-07T19:56:59.851-0700][gc,phases   ] GC(8)   Merge Heap Roots: 0.0ms
[2023-06-07T19:56:59.851-0700][gc,phases   ] GC(8)   Evacuate Collection Set: 7.2ms
[2023-06-07T19:56:59.851-0700][gc,phases   ] GC(8)   Post Evacuate Collection Set: 0.7ms
[2023-06-07T19:56:59.851-0700][gc,phases   ] GC(8)   Other: 0.1ms
[2023-06-07T19:56:59.851-0700][gc,heap     ] GC(8) Eden regions: 230->0(232)
[2023-06-07T19:56:59.851-0700][gc,heap     ] GC(8) Survivor regions: 26->24(32)
[2023-06-07T19:56:59.851-0700][gc,heap     ] GC(8) Old regions: 5->15
[2023-06-07T19:56:59.851-0700][gc,heap     ] GC(8) Archive regions: 2->2
[2023-06-07T19:56:59.851-0700][gc,heap     ] GC(8) Humongous regions: 5->5
[2023-06-07T19:56:59.851-0700][gc,metaspace] GC(8) Metaspace: 58687K(59264K)->58687K(59264K) NonClass: 51650K(51968K)->51650K(51968K) Class: 7036K(7296K)->7036K(7296K)
[2023-06-07T19:56:59.851-0700][gc          ] GC(8) Pause Young (Normal) (G1 Evacuation Pause) 266M->44M(512M) 8.193ms
[2023-06-07T19:56:59.852-0700][gc,cpu      ] GC(8) User=0.06s Sys=0.00s Real=0.01s
[2023-06-07T19:56:59.923-0700][gc,start    ] GC(9) Pause Young (Concurrent Start) (Metadata GC Threshold)
[2023-06-07T19:56:59.923-0700][gc,task     ] GC(9) Using 8 workers of 8 for evacuation
[2023-06-07T19:56:59.928-0700][gc,phases   ] GC(9)   Pre Evacuate Collection Set: 0.1ms
[2023-06-07T19:56:59.928-0700][gc,phases   ] GC(9)   Merge Heap Roots: 0.1ms
[2023-06-07T19:56:59.928-0700][gc,phases   ] GC(9)   Evacuate Collection Set: 4.7ms
[2023-06-07T19:56:59.928-0700][gc,phases   ] GC(9)   Post Evacuate Collection Set: 0.4ms
[2023-06-07T19:56:59.928-0700][gc,phases   ] GC(9)   Other: 0.0ms
[2023-06-07T19:56:59.928-0700][gc,heap     ] GC(9) Eden regions: 32->0(247)
[2023-06-07T19:56:59.928-0700][gc,heap     ] GC(9) Survivor regions: 24->9(32)
[2023-06-07T19:56:59.928-0700][gc,heap     ] GC(9) Old regions: 15->30
[2023-06-07T19:56:59.928-0700][gc,heap     ] GC(9) Archive regions: 2->2
[2023-06-07T19:56:59.928-0700][gc,heap     ] GC(9) Humongous regions: 5->5
[2023-06-07T19:56:59.928-0700][gc,metaspace] GC(9) Metaspace: 59534K(60096K)->59534K(60096K) NonClass: 52374K(52672K)->52374K(52672K) Class: 7159K(7424K)->7159K(7424K)
[2023-06-07T19:56:59.929-0700][gc          ] GC(9) Pause Young (Concurrent Start) (Metadata GC Threshold) 76M->44M(512M) 5.436ms
[2023-06-07T19:56:59.929-0700][gc          ] GC(10) Concurrent Mark Cycle
[2023-06-07T19:56:59.929-0700][gc,cpu      ] GC(9) User=0.03s Sys=0.01s Real=0.00s
[2023-06-07T19:56:59.929-0700][gc,marking  ] GC(10) Concurrent Clear Claimed Marks
[2023-06-07T19:56:59.929-0700][gc,marking  ] GC(10) Concurrent Clear Claimed Marks 0.033ms
[2023-06-07T19:56:59.929-0700][gc,marking  ] GC(10) Concurrent Scan Root Regions
[2023-06-07T19:56:59.933-0700][gc,marking  ] GC(10) Concurrent Scan Root Regions 4.769ms
[2023-06-07T19:56:59.933-0700][gc,marking  ] GC(10) Concurrent Mark
[2023-06-07T19:56:59.933-0700][gc,marking  ] GC(10) Concurrent Mark From Roots
[2023-06-07T19:56:59.933-0700][gc,task     ] GC(10) Using 2 workers of 2 for marking
[2023-06-07T19:56:59.940-0700][gc,marking  ] GC(10) Concurrent Mark From Roots 6.150ms
[2023-06-07T19:56:59.940-0700][gc,marking  ] GC(10) Concurrent Preclean
[2023-06-07T19:56:59.940-0700][gc,marking  ] GC(10) Concurrent Preclean 0.029ms
[2023-06-07T19:56:59.940-0700][gc,start    ] GC(10) Pause Remark
[2023-06-07T19:56:59.941-0700][gc          ] GC(10) Pause Remark 50M->50M(512M) 1.532ms
[2023-06-07T19:56:59.941-0700][gc,cpu      ] GC(10) User=0.01s Sys=0.00s Real=0.00s
[2023-06-07T19:56:59.941-0700][gc,marking  ] GC(10) Concurrent Mark 7.869ms
[2023-06-07T19:56:59.941-0700][gc,marking  ] GC(10) Concurrent Rebuild Remembered Sets
[2023-06-07T19:56:59.948-0700][gc,marking  ] GC(10) Concurrent Rebuild Remembered Sets 6.859ms
[2023-06-07T19:56:59.948-0700][gc,start    ] GC(10) Pause Cleanup
[2023-06-07T19:56:59.948-0700][gc          ] GC(10) Pause Cleanup 51M->51M(512M) 0.061ms
[2023-06-07T19:56:59.948-0700][gc,cpu      ] GC(10) User=0.00s Sys=0.00s Real=0.00s
[2023-06-07T19:56:59.948-0700][gc,marking  ] GC(10) Concurrent Cleanup for Next Mark
[2023-06-07T19:56:59.949-0700][gc,marking  ] GC(10) Concurrent Cleanup for Next Mark 0.647ms
[2023-06-07T19:56:59.949-0700][gc          ] GC(10) Concurrent Mark Cycle 20.428ms
[2023-06-07T20:34:06.893-0700][gc,start    ] GC(11) Pause Young (Normal) (G1 Evacuation Pause)
[2023-06-07T20:34:06.895-0700][gc,task     ] GC(11) Using 8 workers of 8 for evacuation
[2023-06-07T20:34:06.951-0700][gc,phases   ] GC(11)   Pre Evacuate Collection Set: 1.3ms
[2023-06-07T20:34:06.951-0700][gc,phases   ] GC(11)   Merge Heap Roots: 0.6ms
[2023-06-07T20:34:06.951-0700][gc,phases   ] GC(11)   Evacuate Collection Set: 52.3ms
[2023-06-07T20:34:06.951-0700][gc,phases   ] GC(11)   Post Evacuate Collection Set: 1.1ms
[2023-06-07T20:34:06.951-0700][gc,phases   ] GC(11)   Other: 1.2ms
[2023-06-07T20:34:06.951-0700][gc,heap     ] GC(11) Eden regions: 247->0(245)
[2023-06-07T20:34:06.951-0700][gc,heap     ] GC(11) Survivor regions: 9->11(32)
[2023-06-07T20:34:06.951-0700][gc,heap     ] GC(11) Old regions: 30->30
[2023-06-07T20:34:06.951-0700][gc,heap     ] GC(11) Archive regions: 2->2
[2023-06-07T20:34:06.951-0700][gc,heap     ] GC(11) Humongous regions: 9->9
[2023-06-07T20:34:06.951-0700][gc,metaspace] GC(11) Metaspace: 68126K(68864K)->68126K(68864K) NonClass: 60220K(60608K)->60220K(60608K) Class: 7906K(8256K)->7906K(8256K)
[2023-06-07T20:34:06.951-0700][gc          ] GC(11) Pause Young (Normal) (G1 Evacuation Pause) 295M->49M(512M) 58.824ms
[2023-06-07T20:34:06.951-0700][gc,cpu      ] GC(11) User=0.05s Sys=0.14s Real=0.06s
[2023-06-07T21:01:53.223-0700][gc,start    ] GC(12) Pause Young (Normal) (G1 Evacuation Pause)
[2023-06-07T21:01:53.225-0700][gc,task     ] GC(12) Using 8 workers of 8 for evacuation
[2023-06-07T21:01:53.250-0700][gc,phases   ] GC(12)   Pre Evacuate Collection Set: 0.8ms
[2023-06-07T21:01:53.251-0700][gc,phases   ] GC(12)   Merge Heap Roots: 0.7ms
[2023-06-07T21:01:53.251-0700][gc,phases   ] GC(12)   Evacuate Collection Set: 21.7ms
[2023-06-07T21:01:53.251-0700][gc,phases   ] GC(12)   Post Evacuate Collection Set: 2.1ms
[2023-06-07T21:01:53.251-0700][gc,phases   ] GC(12)   Other: 1.1ms
[2023-06-07T21:01:53.251-0700][gc,heap     ] GC(12) Eden regions: 245->0(245)
[2023-06-07T21:01:53.251-0700][gc,heap     ] GC(12) Survivor regions: 11->11(32)
[2023-06-07T21:01:53.251-0700][gc,heap     ] GC(12) Old regions: 30->30
[2023-06-07T21:01:53.251-0700][gc,heap     ] GC(12) Archive regions: 2->2
[2023-06-07T21:01:53.251-0700][gc,heap     ] GC(12) Humongous regions: 13->13
[2023-06-07T21:01:53.251-0700][gc,metaspace] GC(12) Metaspace: 68614K(69376K)->68614K(69376K) NonClass: 60679K(61056K)->60679K(61056K) Class: 7934K(8320K)->7934K(8320K)
[2023-06-07T21:01:53.251-0700][gc          ] GC(12) Pause Young (Normal) (G1 Evacuation Pause) 298M->54M(512M) 28.798ms
[2023-06-07T21:01:53.251-0700][gc,cpu      ] GC(12) User=0.05s Sys=0.05s Real=0.03s
[2023-06-07T21:04:16.549-0700][gc,heap,exit] Heap
[2023-06-07T21:04:16.549-0700][gc,heap,exit]  garbage-first heap   total 524288K, used 83344K [0x00000007e0000000, 0x0000000800000000)
[2023-06-07T21:04:16.549-0700][gc,heap,exit]   region size 1024K, 38 young (38912K), 11 survivors (11264K)
[2023-06-07T21:04:16.549-0700][gc,heap,exit]  Metaspace       used 68798K, committed 69504K, reserved 1114112K
[2023-06-07T21:04:16.549-0700][gc,heap,exit]   class space    used 7954K, committed 8320K, reserved 1048576K
